>>> BaseGeometry = __import__('7-base_geometry').BaseGeometry
>>> bg = BaseGeometry()

# Test area raises Exception
>>> bg.area()
Traceback (most recent call last):
...
Exception: area() is not implemented

# Valid integer
>>> bg.integer_validator("age", 1)

# Invalid: 0
>>> bg.integer_validator("age", 0)
Traceback (most recent call last):
...
ValueError: age must be greater than 0

# Invalid: negative
>>> bg.integer_validator("age", -4)
Traceback (most recent call last):
...
ValueError: age must be greater than 0

# Invalid: string
>>> bg.integer_validator("age", "4")
Traceback (most recent call last):
...
TypeError: age must be an integer

# Invalid: tuple
>>> bg.integer_validator("age", (4,))
Traceback (most recent call last):
...
TypeError: age must be an integer

# Invalid: list
>>> bg.integer_validator("age", [3])
Traceback (most recent call last):
...
TypeError: age must be an integer

# Invalid: boolean (True)
>>> bg.integer_validator("age", True)
Traceback (most recent call last):
...
TypeError: age must be an integer

# Invalid: set
>>> bg.integer_validator("age", {3, 4})
Traceback (most recent call last):
...
TypeError: age must be an integer

# Invalid: None
>>> bg.integer_validator("age", None)
Traceback (most recent call last):
...
TypeError: age must be an integer
